Product: MDK-ARM Lite 5.10
Component: ARM Compiler 5.04 update 1 (build 49)
Tool: armlink [5040049]

==============================================================================

Section Cross References

    main.o(.text) refers to launchpad_io.o(.text) for lp_io_read_pin
    main.o(.text) refers to ps2.o(.text) for ps2_initialize
    main.o(.text) refers to lcd.o(.text) for lcd_config_gpio
    main.o(.text) refers to timers.o(.text) for gp_timer_config_16
    main.o(.text) refers to strcpy.o(.text) for strcpy
    main.o(.text) refers to ece353_hw2_fonts.o(.text) for lcd_print_stringXY
    main.o(.text) refers to game.o(.text) for new_game
    main.o(.text) refers to ship.o(.text) for rotate_ship_right
    main.o(.text) refers to bullet.o(.text) for fire_bullet
    main.o(.text) refers to main.o(.data) for debounce_sw1
    ship.o(.text) refers to memcpya.o(.text) for __aeabi_memcpy4
    ship.o(.text) refers to f2d.o(.text) for __aeabi_f2d
    ship.o(.text) refers to dmul.o(.text) for __aeabi_dmul
    ship.o(.text) refers to sin.o(i.__hardfp_sin) for __hardfp_sin
    ship.o(.text) refers to d2f.o(.text) for __aeabi_d2f
    ship.o(.text) refers to cos.o(i.__hardfp_cos) for __hardfp_cos
    ship.o(.text) refers to fabs.o(i.__hardfp_fabs) for __hardfp_fabs
    ship.o(.text) refers to cdrcmple.o(.text) for __aeabi_cdrcmple
    ship.o(.text) refers to vector.o(.text) for add
    ship.o(.text) refers to lcd.o(.text) for lcd_draw_image
    ship.o(.text) refers to ship.o(.constdata) for ship_canvas
    asteroid.o(.text) refers to malloc.o(i.malloc) for malloc
    asteroid.o(.text) refers to malloc.o(i.free) for free
    asteroid.o(.text) refers to lcd.o(.text) for lcd_draw_image
    asteroid.o(.text) refers to vector.o(.text) for new_vector
    asteroid.o(.text) refers to asteroid.o(.constdata) for asteroidCanvas
    bullet.o(.text) refers to malloc.o(i.malloc) for malloc
    bullet.o(.text) refers to f2d.o(.text) for __aeabi_f2d
    bullet.o(.text) refers to dmul.o(.text) for __aeabi_dmul
    bullet.o(.text) refers to sin.o(i.__hardfp_sin) for __hardfp_sin
    bullet.o(.text) refers to d2f.o(.text) for __aeabi_d2f
    bullet.o(.text) refers to cos.o(i.__hardfp_cos) for __hardfp_cos
    bullet.o(.text) refers to vector.o(.text) for mult
    bullet.o(.text) refers to lcd.o(.text) for lcd_draw_image
    bullet.o(.text) refers to malloc.o(i.free) for free
    bullet.o(.text) refers to dflti.o(.text) for __aeabi_i2d
    bullet.o(.text) refers to fabs.o(i.__hardfp_fabs) for __hardfp_fabs
    bullet.o(.text) refers to cdcmple.o(.text) for __aeabi_cdcmple
    bullet.o(.text) refers to dadd.o(.text) for __aeabi_dsub
    bullet.o(.text) refers to cdrcmple.o(.text) for __aeabi_cdrcmple
    bullet.o(.text) refers to bullet.o(.constdata) for bullet_canvas
    game.o(.text) refers to vector.o(.text) for new_vector
    game.o(.text) refers to rand.o(.text) for rand
    game.o(.text) refers to asteroid.o(.text) for new_asteroid
    game.o(.text) refers to malloc.o(i.malloc) for malloc
    game.o(.text) refers to bullet.o(.text) for new_bullet_manager
    game.o(.text) refers to ship.o(.text) for new_ship
    game.o(.text) refers to memcpya.o(.text) for __aeabi_memcpy4
    game.o(.text) refers to malloc.o(i.free) for free
    game.o(.text) refers to ece353_hw2_fonts.o(.text) for lcd_print_stringXY
    game.o(.text) refers to lcd.o(.text) for lcd_clear_screen
    game.o(.text) refers to f2d.o(.text) for __aeabi_f2d
    game.o(.text) refers to dadd.o(.text) for __aeabi_dadd
    game.o(.text) refers to ddiv.o(.text) for __aeabi_ddiv
    game.o(.text) refers to dflti.o(.text) for __aeabi_i2d
    game.o(.text) refers to dfixi.o(.text) for __aeabi_d2iz
    game.o(.text) refers to printfa.o(i.__0snprintf) for __2snprintf
    game.o(.text) refers to game.o(.constdata) for .constdata
    ece353_hw2_fonts.o(.text) refers to lcd.o(.text) for lcd_draw_image
    ece353_hw2_fonts.o(.text) refers to strlen.o(.text) for strlen
    ece353_hw2_fonts.o(.text) refers to ece353_hw2_fonts.o(.constdata) for sitkaSmall_12ptBitmaps
    lcd.o(.text) refers to gpio_port.o(.text) for gpio_enable_port
    ps2.o(.text) refers to gpio_port.o(.text) for gpio_enable_port
    ps2.o(.text) refers to adc.o(.text) for initialize_adc_HW3
    startup_tm4c123.o(RESET) refers to startup_tm4c123.o(STACK) for __initial_sp
    startup_tm4c123.o(RESET) refers to startup_tm4c123.o(.text) for Reset_Handler
    startup_tm4c123.o(RESET) refers to main.o(.text) for ADC0SS2_Handler
    startup_tm4c123.o(.text) refers to system_tm4c123.o(.text) for SystemInit
    startup_tm4c123.o(.text) refers to entry.o(.ARM.Collect$$$$00000000) for __main
    system_tm4c123.o(.text) refers to system_tm4c123.o(.data) for SystemCoreClock
    cos.o(i.__hardfp_cos) refers (Special) to iusefp.o(.text) for __I$use$fp
    cos.o(i.__hardfp_cos) refers to errno.o(i.__set_errno) for __set_errno
[...]
    printf2.o(i.__0vsnprintf$2) refers to printf2.o(i._printf_core) for _printf_core
    printf2.o(i.__0vsnprintf$2) refers to printf2.o(i._snputc) for _snputc
    printf2.o(i.__0vsprintf$2) refers to printf2.o(i._printf_core) for _printf_core
    printf2.o(i.__0vsprintf$2) refers to printf2.o(i._sputc) for _sputc
    printf3.o(i.__0fprintf$3) refers to printf3.o(i._printf_core) for _printf_core
    printf3.o(i.__0fprintf$3) refers to fputc.o(i.fputc) for fputc
    printf3.o(i.__0printf$3) refers to printf3.o(i._printf_core) for _printf_core
    printf3.o(i.__0printf$3) refers to fputc.o(i.fputc) for fputc
    printf3.o(i.__0printf$3) refers to stdout.o(.data) for __stdout
    printf3.o(i.__0snprintf$3) refers to printf3.o(i._printf_core) for _printf_core
    printf3.o(i.__0snprintf$3) refers to printf3.o(i._snputc) for _snputc
    printf3.o(i.__0sprintf$3) refers to printf3.o(i._printf_core) for _printf_core
    printf3.o(i.__0sprintf$3) refers to printf3.o(i._sputc) for _sputc
    printf3.o(i.__0vfprintf$3) refers to printf3.o(i._printf_core) for _printf_core
    printf3.o(i.__0vfprintf$3) refers to fputc.o(i.fputc) for fputc
    printf3.o(i.__0vprintf$3) refers to printf3.o(i._printf_core) for _printf_core
    printf3.o(i.__0vprintf$3) refers to fputc.o(i.fputc) for fputc
    printf3.o(i.__0vprintf$3) refers to stdout.o(.data) for __stdout
    printf3.o(i.__0vsnprintf$3) refers to printf3.o(i._printf_core) for _printf_core
    printf3.o(i.__0vsnprintf$3) refers to printf3.o(i._snputc) for _snputc
    printf3.o(i.__0vsprintf$3) refers to printf3.o(i._printf_core) for _printf_core
    printf3.o(i.__0vsprintf$3) refers to printf3.o(i._sputc) for _sputc
    printf3.o(i._printf_core) refers to uidiv.o(.text) for __aeabi_uidivmod
    printf4.o(i.__0fprintf$4) refers to printf4.o(i._printf_core) for _printf_core
    printf4.o(i.__0fprintf$4) refers to fputc.o(i.fputc) for fputc
    printf4.o(i.__0printf$4) refers to printf4.o(i._printf_core) for _printf_core
    printf4.o(i.__0printf$4) refers to fputc.o(i.fputc) for fputc
    printf4.o(i.__0printf$4) refers to stdout.o(.data) for __stdout
    printf4.o(i.__0snprintf$4) refers to printf4.o(i._printf_core) for _printf_core
    printf4.o(i.__0snprintf$4) refers to printf4.o(i._snputc) for _snputc
    printf4.o(i.__0sprintf$4) refers to printf4.o(i._printf_core) for _printf_core
    printf4.o(i.__0sprintf$4) refers to printf4.o(i._sputc) for _sputc
    printf4.o(i.__0vfprintf$4) refers to printf4.o(i._printf_core) for _printf_core
    printf4.o(i.__0vfprintf$4) refers to fputc.o(i.fputc) for fputc
    printf4.o(i.__0vprintf$4) refers to printf4.o(i._printf_core) for _printf_core
    printf4.o(i.__0vprintf$4) refers to fputc.o(i.fputc) for fputc
    printf4.o(i.__0vprintf$4) refers to stdout.o(.data) for __stdout
    printf4.o(i.__0vsnprintf$4) refers to printf4.o(i._printf_core) for _printf_core
    printf4.o(i.__0vsnprintf$4) refers to printf4.o(i._snputc) for _snputc
    printf4.o(i.__0vsprintf$4) refers to printf4.o(i._printf_core) for _printf_core
    printf4.o(i.__0vsprintf$4) refers to printf4.o(i._sputc) for _sputc
    printf4.o(i._printf_core) refers to uldiv.o(.text) for __aeabi_uldivmod
    printf5.o(i.__0fprintf$5) refers to printf5.o(i._printf_core) for _printf_core
    printf5.o(i.__0fprintf$5) refers to fputc.o(i.fputc) for fputc
    printf5.o(i.__0printf$5) refers to printf5.o(i._printf_core) for _printf_core
    printf5.o(i.__0printf$5) refers to fputc.o(i.fputc) for fputc
    printf5.o(i.__0printf$5) refers to stdout.o(.data) for __stdout
    printf5.o(i.__0snprintf$5) refers to printf5.o(i._printf_core) for _printf_core
    printf5.o(i.__0snprintf$5) refers to printf5.o(i._snputc) for _snputc
    printf5.o(i.__0sprintf$5) refers to printf5.o(i._printf_core) for _printf_core
    printf5.o(i.__0sprintf$5) refers to printf5.o(i._sputc) for _sputc
    printf5.o(i.__0vfprintf$5) refers to printf5.o(i._printf_core) for _printf_core
    printf5.o(i.__0vfprintf$5) refers to fputc.o(i.fputc) for fputc
    printf5.o(i.__0vprintf$5) refers to printf5.o(i._printf_core) for _printf_core
    printf5.o(i.__0vprintf$5) refers to fputc.o(i.fputc) for fputc
    printf5.o(i.__0vprintf$5) refers to stdout.o(.data) for __stdout
    printf5.o(i.__0vsnprintf$5) refers to printf5.o(i._printf_core) for _printf_core
    printf5.o(i.__0vsnprintf$5) refers to printf5.o(i._snputc) for _snputc
    printf5.o(i.__0vsprintf$5) refers to printf5.o(i._printf_core) for _printf_core
    printf5.o(i.__0vsprintf$5) refers to printf5.o(i._sputc) for _sputc
    printf5.o(i._printf_core) refers to uldiv.o(.text) for __aeabi_uldivmod
    printf6.o(i.__0fprintf$6) refers to printf6.o(i._printf_core) for _printf_core
    printf6.o(i.__0fprintf$6) refers to fputc.o(i.fputc) for fputc
    printf6.o(i.__0printf$6) refers to printf6.o(i._printf_core) for _printf_core
    printf6.o(i.__0printf$6) refers to fputc.o(i.fputc) for fputc
    printf6.o(i.__0printf$6) refers to stdout.o(.data) for __stdout
    printf6.o(i.__0snprintf$6) refers to printf6.o(i._printf_core) for _printf_core
    printf6.o(i.__0snprintf$6) refers to printf6.o(i._snputc) for _snputc
    printf6.o(i.__0sprintf$6) refers to printf6.o(i._printf_core) for _printf_core
    printf6.o(i.__0sprintf$6) refers to printf6.o(i._sputc) for _sputc
    printf6.o(i.__0vfprintf$6) refers to printf6.o(i._printf_core) for _printf_core
    printf6.o(i.__0vfprintf$6) refers to fputc.o(i.fputc) for fputc
    printf6.o(i.__0vprintf$6) refers to printf6.o(i._printf_core) for _printf_core
    printf6.o(i.__0vprintf$6) refers to fputc.o(i.fputc) for fputc
    printf6.o(i.__0vprintf$6) refers to stdout.o(.data) for __stdout
    printf6.o(i.__0vsnprintf$6) refers to printf6.o(i._printf_core) for _printf_core
    printf6.o(i.__0vsnprintf$6) refers to printf6.o(i._snputc) for _snputc
    printf6.o(i.__0vsprintf$6) refers to printf6.o(i._printf_core) for _printf_core
    printf6.o(i.__0vsprintf$6) refers to printf6.o(i._sputc) for _sputc
    printf6.o(i._printf_core) refers to printf6.o(i._printf_pre_padding) for _printf_pre_padding
    printf6.o(i._printf_core) refers to uidiv.o(.text) for __aeabi_uidivmod
    printf6.o(i._printf_core) refers to printf6.o(i._printf_post_padding) for _printf_post_padding
    printf7.o(i.__0fprintf$7) refers to printf7.o(i._printf_core) for _printf_core
    printf7.o(i.__0fprintf$7) refers to fputc.o(i.fputc) for fputc
    printf7.o(i.__0printf$7) refers to printf7.o(i._printf_core) for _printf_core
    printf7.o(i.__0printf$7) refers to fputc.o(i.fputc) for fputc
    printf7.o(i.__0printf$7) refers to stdout.o(.data) for __stdout
    printf7.o(i.__0snprintf$7) refers to printf7.o(i._printf_core) for _printf_core
    printf7.o(i.__0snprintf$7) refers to printf7.o(i._snputc) for _snputc
    printf7.o(i.__0sprintf$7) refers to printf7.o(i._printf_core) for _printf_core
    printf7.o(i.__0sprintf$7) refers to printf7.o(i._sputc) for _sputc
    printf7.o(i.__0vfprintf$7) refers to printf7.o(i._printf_core) for _printf_core
    printf7.o(i.__0vfprintf$7) refers to fputc.o(i.fputc) for fputc
    printf7.o(i.__0vprintf$7) refers to printf7.o(i._printf_core) for _printf_core
    printf7.o(i.__0vprintf$7) refers to fputc.o(i.fputc) for fputc
    printf7.o(i.__0vprintf$7) refers to stdout.o(.data) for __stdout
    printf7.o(i.__0vsnprintf$7) refers to printf7.o(i._printf_core) for _printf_core
    printf7.o(i.__0vsnprintf$7) refers to printf7.o(i._snputc) for _snputc
    printf7.o(i.__0vsprintf$7) refers to printf7.o(i._printf_core) for _printf_core
    printf7.o(i.__0vsprintf$7) refers to printf7.o(i._sputc) for _sputc
    printf7.o(i._printf_core) refers to printf7.o(i._printf_pre_padding) for _printf_pre_padding
    printf7.o(i._printf_core) refers to uldiv.o(.text) for __aeabi_uldivmod
    printf7.o(i._printf_core) refers to printf7.o(i._printf_post_padding) for _printf_post_padding
    printf8.o(i.__0fprintf$8) refers to printf8.o(i._printf_core) for _printf_core
    printf8.o(i.__0fprintf$8) refers to fputc.o(i.fputc) for fputc
    printf8.o(i.__0printf$8) refers to printf8.o(i._printf_core) for _printf_core
    printf8.o(i.__0printf$8) refers to fputc.o(i.fputc) for fputc
    printf8.o(i.__0printf$8) refers to stdout.o(.data) for __stdout
    printf8.o(i.__0snprintf$8) refers to printf8.o(i._printf_core) for _printf_core
    printf8.o(i.__0snprintf$8) refers to printf8.o(i._snputc) for _snputc
    printf8.o(i.__0sprintf$8) refers to printf8.o(i._printf_core) for _printf_core
    printf8.o(i.__0sprintf$8) refers to printf8.o(i._sputc) for _sputc
    printf8.o(i.__0vfprintf$8) refers to printf8.o(i._printf_core) for _printf_core
    printf8.o(i.__0vfprintf$8) refers to fputc.o(i.fputc) for fputc
    printf8.o(i.__0vprintf$8) refers to printf8.o(i._printf_core) for _printf_core
    printf8.o(i.__0vprintf$8) refers to fputc.o(i.fputc) for fputc
    printf8.o(i.__0vprintf$8) refers to stdout.o(.data) for __stdout
    printf8.o(i.__0vsnprintf$8) refers to printf8.o(i._printf_core) for _printf_core
    printf8.o(i.__0vsnprintf$8) refers to printf8.o(i._snputc) for _snputc
    printf8.o(i.__0vsprintf$8) refers to printf8.o(i._printf_core) for _printf_core
    printf8.o(i.__0vsprintf$8) refers to printf8.o(i._sputc) for _sputc
    printf8.o(i._printf_core) refers to printf8.o(i._printf_pre_padding) for _printf_pre_padding
    printf8.o(i._printf_core) refers to uldiv.o(.text) for __aeabi_uldivmod
    printf8.o(i._printf_core) refers to printf8.o(i._printf_post_padding) for _printf_post_padding
    printfa.o(i.__0fprintf) refers (Special) to iusefp.o(.text) for __I$use$fp
    printfa.o(i.__0fprintf) refers to printfa.o(i._printf_core) for _printf_core
    printfa.o(i.__0fprintf) refers to fputc.o(i.fputc) for fputc
    printfa.o(i.__0printf) refers (Special) to iusefp.o(.text) for __I$use$fp
    printfa.o(i.__0printf) refers to printfa.o(i._printf_core) for _printf_core
    printfa.o(i.__0printf) refers to fputc.o(i.fputc) for fputc
    printfa.o(i.__0printf) refers to stdout.o(.data) for __stdout
    printfa.o(i.__0snprintf) refers (Special) to iusefp.o(.text) for __I$use$fp
    printfa.o(i.__0snprintf) refers to printfa.o(i._printf_core) for _printf_core
    printfa.o(i.__0snprintf) refers to printfa.o(i._snputc) for _snputc
    printfa.o(i.__0sprintf) refers (Special) to iusefp.o(.text) for __I$use$fp
    printfa.o(i.__0sprintf) refers to printfa.o(i._printf_core) for _printf_core
    printfa.o(i.__0sprintf) refers to printfa.o(i._sputc) for _sputc
    printfa.o(i.__0vfprintf) refers (Special) to iusefp.o(.text) for __I$use$fp
    printfa.o(i.__0vfprintf) refers to printfa.o(i._printf_core) for _printf_core
    printfa.o(i.__0vfprintf) refers to fputc.o(i.fputc) for fputc
    printfa.o(i.__0vprintf) refers (Special) to iusefp.o(.text) for __I$use$fp
    printfa.o(i.__0vprintf) refers to printfa.o(i._printf_core) for _printf_core
    printfa.o(i.__0vprintf) refers to fputc.o(i.fputc) for fputc
    printfa.o(i.__0vprintf) refers to stdout.o(.data) for __stdout
    printfa.o(i.__0vsnprintf) refers (Special) to iusefp.o(.text) for __I$use$fp
    printfa.o(i.__0vsnprintf) refers to printfa.o(i._printf_core) for _printf_core
    printfa.o(i.__0vsnprintf) refers to printfa.o(i._snputc) for _snputc
    printfa.o(i.__0vsprintf) refers (Special) to iusefp.o(.text) for __I$use$fp
    printfa.o(i.__0vsprintf) refers to printfa.o(i._printf_core) for _printf_core
    printfa.o(i.__0vsprintf) refers to printfa.o(i._sputc) for _sputc
    printfa.o(i._fp_digits) refers (Special) to iusefp.o(.text) for __I$use$fp
    printfa.o(i._fp_digits) refers to dmul.o(.text) for __aeabi_dmul
    printfa.o(i._fp_digits) refers to ddiv.o(.text) for __aeabi_ddiv
    printfa.o(i._fp_digits) refers to cdrcmple.o(.text) for __aeabi_cdrcmple
    printfa.o(i._fp_digits) refers to dadd.o(.text) for __aeabi_dadd
    printfa.o(i._fp_digits) refers to dfixul.o(.text) for __aeabi_d2ulz
    printfa.o(i._fp_digits) refers to uldiv.o(.text) for __aeabi_uldivmod
    printfa.o(i._printf_core) refers (Special) to iusefp.o(.text) for __I$use$fp
    printfa.o(i._printf_core) refers to printfa.o(i._printf_pre_padding) for _printf_pre_padding
    printfa.o(i._printf_core) refers to uldiv.o(.text) for __aeabi_uldivmod
    printfa.o(i._printf_core) refers to printfa.o(i._printf_post_padding) for _printf_post_padding
    printfa.o(i._printf_core) refers to printfa.o(i._fp_digits) for _fp_digits
    printfa.o(i._printf_core) refers to uidiv.o(.text) for __aeabi_uidivmod
    printfa.o(i._printf_post_padding) refers (Special) to iusefp.o(.text) for __I$use$fp
    printfa.o(i._printf_pre_padding) refers (Special) to iusefp.o(.text) for __I$use$fp
    printfa.o(i._snputc) refers (Special) to iusefp.o(.text) for __I$use$fp
    printfa.o(i._sputc) refers (Special) to iusefp.o(.text) for __I$use$fp
    malloc.o(i.free) refers to mvars.o(.data) for __microlib_freelist
    malloc.o(i.malloc) refers to mvars.o(.data) for __microlib_freelist_initialised
    malloc.o(i.malloc) refers to mvars.o(.data) for __microlib_freelist
    malloc.o(i.malloc) refers to startup_tm4c123.o(HEAP) for __heap_base
    mallocr.o(i.__free$realloc) refers to mvars.o(.data) for __microlib_freelist
    mallocr.o(i.__malloc$realloc) refers to mallocr.o(i.internal_alloc) for internal_alloc
    mallocr.o(i.__malloc$realloc) refers to mvars.o(.data) for __microlib_freelist_initialised
    mallocr.o(i.__malloc$realloc) refers to startup_tm4c123.o(HEAP) for __heap_base
    mallocr.o(i.__malloc$realloc) refers to mvars.o(.data) for __microlib_freelist
    mallocr.o(i.internal_alloc) refers to memcpya.o(.text) for __aeabi_memcpy
    mallocr.o(i.internal_alloc) refers to mvars.o(.data) for __microlib_freelist
    mallocr.o(i.realloc) refers to mallocr.o(i.__free$realloc) for __free$realloc
    mallocr.o(i.realloc) refers to mallocr.o(i.internal_alloc) for internal_alloc
    mallocr.o(i.realloc) refers to mallocr.o(i.__malloc$realloc) for __malloc$realloc
    mallocr.o(i.realloc) refers to mvars.o(.data) for __microlib_freelist
    malloca.o(i.__aligned_malloc) refers to mvars.o(.data) for __microlib_freelist_initialised
    malloca.o(i.__aligned_malloc) refers to mvars.o(.data) for __microlib_freelist
    malloca.o(i.__aligned_malloc) refers to startup_tm4c123.o(HEAP) for __heap_base
    malloca.o(i.__free$memalign) refers to mvars.o(.data) for __microlib_freelist
    malloca.o(i.__malloc$memalign) refers to malloca.o(i.__aligned_malloc) for __aligned_malloc
    mallocra.o(i.__aligned_malloc$realloc) refers to mallocra.o(i.internal_alloc) for internal_alloc
    mallocra.o(i.__aligned_malloc$realloc) refers to mvars.o(.data) for __microlib_freelist_initialised
    mallocra.o(i.__aligned_malloc$realloc) refers to startup_tm4c123.o(HEAP) for __heap_base
    mallocra.o(i.__aligned_malloc$realloc) refers to mvars.o(.data) for __microlib_freelist
    mallocra.o(i.__free$realloc$memalign) refers to mvars.o(.data) for __microlib_freelist
    mallocra.o(i.__malloc$realloc$memalign) refers to mallocra.o(i.__aligned_malloc$realloc) for __aligned_malloc$realloc
    mallocra.o(i.__realloc$memalign) refers to mallocra.o(i.__free$realloc$memalign) for __free$realloc$memalign
    mallocra.o(i.__realloc$memalign) refers to mallocra.o(i.internal_alloc) for internal_alloc
    mallocra.o(i.__realloc$memalign) refers to mallocra.o(i.__malloc$realloc$memalign) for __malloc$realloc$memalign
    mallocra.o(i.__realloc$memalign) refers to mvars.o(.data) for __microlib_freelist
    mallocra.o(i.internal_alloc) refers to memcpya.o(.text) for __aeabi_memcpy
    mallocra.o(i.internal_alloc) refers to mvars.o(.data) for __microlib_freelist
    dadd.o(.text) refers (Special) to iusefp.o(.text) for __I$use$fp
    dadd.o(.text) refers to llshl.o(.text) for __aeabi_llsl
    dadd.o(.text) refers to llsshr.o(.text) for __aeabi_lasr
    dadd.o(.text) refers to depilogue.o(.text) for _double_epilogue
    dmul.o(.text) refers (Special) to iusefp.o(.text) for __I$use$fp
    dmul.o(.text) refers to depilogue.o(.text) for _double_epilogue
    ddiv.o(.text) refers (Special) to iusefp.o(.text) for __I$use$fp
    ddiv.o(.text) refers to depilogue.o(.text) for _double_round
    dflti.o(.text) refers (Special) to iusefp.o(.text) for __I$use$fp
    dflti.o(.text) refers to depilogue.o(.text) for _double_epilogue
    dfixi.o(.text) refers (Special) to iusefp.o(.text) for __I$use$fp
    dfixi.o(.text) refers to llushr.o(.text) for __aeabi_llsr
    f2d.o(.text) refers (Special) to iusefp.o(.text) for __I$use$fp
    cdcmple.o(.text) refers (Special) to iusefp.o(.text) for __I$use$fp
    cdrcmple.o(.text) refers (Special) to iusefp.o(.text) for __I$use$fp
    d2f.o(.text) refers (Special) to iusefp.o(.text) for __I$use$fp
    d2f.o(.text) refers to fepilogue.o(.text) for _float_round
    cos_i.o(i.__kernel_cos) refers (Special) to iusefp.o(.text) for __I$use$fp
    cos_i.o(i.__kernel_cos) refers to dfixi.o(.text) for __aeabi_d2iz
    cos_i.o(i.__kernel_cos) refers to dmul.o(.text) for __aeabi_dmul
    cos_i.o(i.__kernel_cos) refers to poly.o(i.__kernel_poly) for __kernel_poly
    cos_i.o(i.__kernel_cos) refers to dadd.o(.text) for __aeabi_dsub
    cos_i.o(i.__kernel_cos) refers to cos_i.o(.constdata) for .constdata
    cos_i.o(.constdata) refers (Special) to iusefp.o(.text) for __I$use$fp
    rred.o(i.__ieee754_rem_pio2) refers (Special) to iusefp.o(.text) for __I$use$fp
    rred.o(i.__ieee754_rem_pio2) refers to dadd.o(.text) for __aeabi_dsub
    rred.o(i.__ieee754_rem_pio2) refers to fabs.o(i.fabs) for fabs
    rred.o(i.__ieee754_rem_pio2) refers to dmul.o(.text) for __aeabi_dmul
    rred.o(i.__ieee754_rem_pio2) refers to dfixi.o(.text) for __aeabi_d2iz
    rred.o(i.__ieee754_rem_pio2) refers to dflti.o(.text) for __aeabi_i2d
    rred.o(i.__ieee754_rem_pio2) refers to dfltui.o(.text) for __aeabi_ui2d
    rred.o(i.__ieee754_rem_pio2) refers to rred.o(.constdata) for .constdata
    rred.o(i.__use_accurate_range_reduction) refers (Special) to iusefp.o(.text) for __I$use$fp
    rred.o(.constdata) refers (Special) to iusefp.o(.text) for __I$use$fp
    sin_i.o(i.__kernel_sin) refers (Special) to iusefp.o(.text) for __I$use$fp
    sin_i.o(i.__kernel_sin) refers to fpclassify.o(i.__ARM_fpclassify) for __ARM_fpclassify
    sin_i.o(i.__kernel_sin) refers to dunder.o(i.__mathlib_dbl_underflow) for __mathlib_dbl_underflow
    sin_i.o(i.__kernel_sin) refers to dmul.o(.text) for __aeabi_dmul
    sin_i.o(i.__kernel_sin) refers to poly.o(i.__kernel_poly) for __kernel_poly
    sin_i.o(i.__kernel_sin) refers to dadd.o(.text) for __aeabi_dsub
    sin_i.o(i.__kernel_sin) refers to sin_i.o(.constdata) for .constdata
    sin_i.o(.constdata) refers (Special) to iusefp.o(.text) for __I$use$fp
    sin_i_x.o(i.____kernel_sin$lsc) refers (Special) to iusefp.o(.text) for __I$use$fp
    sin_i_x.o(i.____kernel_sin$lsc) refers to dmul.o(.text) for __aeabi_dmul
    sin_i_x.o(i.____kernel_sin$lsc) refers to poly.o(i.__kernel_poly) for __kernel_poly
    sin_i_x.o(i.____kernel_sin$lsc) refers to dadd.o(.text) for __aeabi_dsub
    sin_i_x.o(i.____kernel_sin$lsc) refers to sin_i_x.o(.constdata) for .constdata
    sin_i_x.o(.constdata) refers (Special) to iusefp.o(.text) for __I$use$fp
    entry2.o(.ARM.Collect$$$$00000001) refers to entry2.o(.ARM.Collect$$$$00002712) for __lit__00000000
    entry2.o(.ARM.Collect$$$$00002712) refers to startup_tm4c123.o(STACK) for __initial_sp
    entry2.o(__vectab_stack_and_reset_area) refers to startup_tm4c123.o(STACK) for __initial_sp
    entry2.o(__vectab_stack_and_reset_area) refers to entry.o(.ARM.Collect$$$$00000000) for __main
    entry5.o(.ARM.Collect$$$$00000004) refers to init.o(.text) for __scatterload
    entry9a.o(.ARM.Collect$$$$0000000B) refers to main.o(.text) for main
    entry9b.o(.ARM.Collect$$$$0000000C) refers to main.o(.text) for main
    fputc.o(i.fputc) refers (Special) to iusesemip.o(.text) for __I$use$semihosting$fputc
    fputc.o(i.fputc) refers (Special) to semi.o(.text) for __semihosting_library_function
    uldiv.o(.text) refers to llushr.o(.text) for __aeabi_llsr
    uldiv.o(.text) refers to llshl.o(.text) for __aeabi_llsl
    errno.o(i.__aeabi_errno_addr) refers to errno.o(.data) for .data
    errno.o(i.__read_errno) refers to errno.o(.data) for .data
    errno.o(i.__set_errno) refers to errno.o(.data) for .data
    depilogue.o(.text) refers to llshl.o(.text) for __aeabi_llsl
    depilogue.o(.text) refers to llushr.o(.text) for __aeabi_llsr
    dfixul.o(.text) refers to llushr.o(.text) for __aeabi_llsr
    dfixul.o(.text) refers to llshl.o(.text) for __aeabi_llsl
    dunder.o(i.__mathlib_dbl_underflow) refers to dmul.o(.text) for __aeabi_dmul
    fpclassify.o(i.__ARM_fpclassify) refers (Special) to iusefp.o(.text) for __I$use$fp
    poly.o(i.__kernel_poly) refers (Special) to iusefp.o(.text) for __I$use$fp
    poly.o(i.__kernel_poly) refers to dmul.o(.text) for __aeabi_dmul
    poly.o(i.__kernel_poly) refers to dadd.o(.text) for __aeabi_dadd
    init.o(.text) refers to entry5.o(.ARM.Collect$$$$00000004) for __main_after_scatterload
    dfltui.o(.text) refers to depilogue.o(.text) for _double_epilogue


==============================================================================

Removing Unused input sections from the image.

    Removing main.o(.rev16_text), (4 bytes).
    Removing main.o(.revsh_text), (4 bytes).
    Removing ship.o(.rev16_text), (4 bytes).
    Removing ship.o(.revsh_text), (4 bytes).
    Removing asteroid.o(.rev16_text), (4 bytes).
    Removing asteroid.o(.revsh_text), (4 bytes).
    Removing bullet.o(.rev16_text), (4 bytes).
    Removing bullet.o(.revsh_text), (4 bytes).
    Removing game.o(.rev16_text), (4 bytes).
    Removing game.o(.revsh_text), (4 bytes).
    Removing ece353_hw2_fonts.o(.rev16_text), (4 bytes).
    Removing ece353_hw2_fonts.o(.revsh_text), (4 bytes).
    Removing adc.o(.rev16_text), (4 bytes).
    Removing adc.o(.revsh_text), (4 bytes).
    Removing gpio_port.o(.rev16_text), (4 bytes).
    Removing gpio_port.o(.revsh_text), (4 bytes).
    Removing timers.o(.rev16_text), (4 bytes).
    Removing timers.o(.revsh_text), (4 bytes).
    Removing launchpad_io.o(.rev16_text), (4 bytes).
    Removing launchpad_io.o(.revsh_text), (4 bytes).
    Removing lcd.o(.rev16_text), (4 bytes).
    Removing lcd.o(.revsh_text), (4 bytes).
    Removing ps2.o(.rev16_text), (4 bytes).
    Removing ps2.o(.revsh_text), (4 bytes).
    Removing system_tm4c123.o(.rev16_text), (4 bytes).
    Removing system_tm4c123.o(.revsh_text), (4 bytes).
    Removing dneg.o(.text), (6 bytes).

27 unused section(s) (total 110 bytes) removed from the image.

==============================================================================

Image Symbol Table

    Local Symbols

    Symbol Name                              Value     Ov Type        Size  Object(Section)

    RESET                                    0x00000000   Section      620  startup_tm4c123.o(RESET)
    ../clib/microlib/division.c              0x00000000   Number         0  uidiv.o ABSOLUTE
    ../clib/microlib/division.c              0x00000000   Number         0  uldiv.o ABSOLUTE
    ../clib/microlib/errno.c                 0x00000000   Number         0  errno.o ABSOLUTE
    ../clib/microlib/init/entry.s            0x00000000   Number         0  entry9b.o ABSOLUTE
    ../clib/microlib/init/entry.s            0x00000000   Number         0  entry8b.o ABSOLUTE
    ../clib/microlib/init/entry.s            0x00000000   Number         0  entry7a.o ABSOLUTE
    ../clib/microlib/init/entry.s            0x00000000   Number         0  entry9a.o ABSOLUTE
    ../clib/microlib/init/entry.s            0x00000000   Number         0  entry.o ABSOLUTE
    ../clib/microlib/init/entry.s            0x00000000   Number         0  entry10a.o ABSOLUTE
    ../clib/microlib/init/entry.s            0x00000000   Number         0  entry10b.o ABSOLUTE
    ../clib/microlib/init/entry.s            0x00000000   Number         0  entry11b.o ABSOLUTE
    ../clib/microlib/init/entry.s            0x00000000   Number         0  entry11a.o ABSOLUTE
    ../clib/microlib/init/entry.s            0x00000000   Number         0  entry2.o ABSOLUTE
    ../clib/microlib/init/entry.s            0x00000000   Number         0  entry5.o ABSOLUTE
    ../clib/microlib/init/entry.s            0x00000000   Number         0  entry7b.o ABSOLUTE
    ../clib/microlib/init/entry.s            0x00000000   Number         0  entry8a.o ABSOLUTE
    ../clib/microlib/longlong.c              0x00000000   Number         0  llsshr.o ABSOLUTE
    ../clib/microlib/longlong.c              0x00000000   Number         0  llushr.o ABSOLUTE
    ../clib/microlib/longlong.c              0x00000000   Number         0  llshl.o ABSOLUTE
    ../clib/microlib/malloc/malloc.c         0x00000000   Number         0  malloca.o ABSOLUTE
    ../clib/microlib/malloc/malloc.c         0x00000000   Number         0  mallocr.o ABSOLUTE
    ../clib/microlib/malloc/malloc.c         0x00000000   Number         0  malloc.o ABSOLUTE
    ../clib/microlib/malloc/malloc.c         0x00000000   Number         0  mallocra.o ABSOLUTE
    ../clib/microlib/malloc/mvars.c          0x00000000   Number         0  mvars.o ABSOLUTE
    ../clib/microlib/printf/printf.c         0x00000000   Number         0  printf0.o ABSOLUTE
    ../clib/microlib/printf/printf.c         0x00000000   Number         0  printf5.o ABSOLUTE
    ../clib/microlib/printf/printf.c         0x00000000   Number         0  printf4.o ABSOLUTE
    ../clib/microlib/printf/printf.c         0x00000000   Number         0  printfb.o ABSOLUTE
    ../clib/microlib/printf/printf.c         0x00000000   Number         0  printf3.o ABSOLUTE
    ../clib/microlib/printf/printf.c         0x00000000   Number         0  printf2.o ABSOLUTE
    ../clib/microlib/printf/printf.c         0x00000000   Number         0  printf8.o ABSOLUTE
    ../clib/microlib/printf/printf.c         0x00000000   Number         0  printf7.o ABSOLUTE
    ../clib/microlib/printf/printf.c         0x00000000   Number         0  printfa.o ABSOLUTE
    ../clib/microlib/printf/printf.c         0x00000000   Number         0  printf6.o ABSOLUTE
    ../clib/microlib/printf/printf.c         0x00000000   Number         0  printf1.o ABSOLUTE
    ../clib/microlib/printf/stubs.s          0x00000000   Number         0  stubs.o ABSOLUTE
    ../clib/microlib/stdio/fputc.c           0x00000000   Number         0  fputc.o ABSOLUTE
    ../clib/microlib/stdio/semi.s            0x00000000   Number         0  semi.o ABSOLUTE
    ../clib/microlib/stdio/streams.c         0x00000000   Number         0  stdout.o ABSOLUTE
    ../clib/microlib/stdlib/rand.c           0x00000000   Number         0  rand.o ABSOLUTE
    ../clib/microlib/string/memcpy.c         0x00000000   Number         0  memcpyb.o ABSOLUTE
    ../clib/microlib/string/memcpy.c         0x00000000   Number         0  memcpya.o ABSOLUTE
    ../clib/microlib/string/strcpy.c         0x00000000   Number         0  strcpy.o ABSOLUTE
    ../clib/microlib/string/strlen.c         0x00000000   Number         0  strlen.o ABSOLUTE
    ../clib/microlib/stubs.s                 0x00000000   Number         0  iusesemip.o ABSOLUTE
    ../clib/microlib/stubs.s                 0x00000000   Number         0  iusefp.o ABSOLUTE
    ../fplib/microlib/d2f.c                  0x00000000   Number         0  d2f.o ABSOLUTE
    ../fplib/microlib/f2d.c                  0x00000000   Number         0  f2d.o ABSOLUTE
    ../fplib/microlib/fpadd.c                0x00000000   Number         0  dadd.o ABSOLUTE
    ../fplib/microlib/fpdiv.c                0x00000000   Number         0  ddiv.o ABSOLUTE
    ../fplib/microlib/fpepilogue.c           0x00000000   Number         0  fepilogue.o ABSOLUTE
    ../fplib/microlib/fpepilogue.c           0x00000000   Number         0  depilogue.o ABSOLUTE
    ../fplib/microlib/fpfix.c                0x00000000   Number         0  dfixul.o ABSOLUTE
    ../fplib/microlib/fpfix.c                0x00000000   Number         0  dfixi.o ABSOLUTE
    ../fplib/microlib/fpflt.c                0x00000000   Number         0  dflti.o ABSOLUTE
    ../fplib/microlib/fpflt.c                0x00000000   Number         0  dfltui.o ABSOLUTE
    ../fplib/microlib/fpmul.c                0x00000000   Number         0  dmul.o ABSOLUTE
    ../fplib/microlib/fpneg.c                0x00000000   Number         0  dneg.o ABSOLUTE
    ../mathlib/cos.c                         0x00000000   Number         0  cos_x.o ABSOLUTE
    ../mathlib/cos.c                         0x00000000   Number         0  cos.o ABSOLUTE
    ../mathlib/cos_i.c                       0x00000000   Number         0  cos_i.o ABSOLUTE
    ../mathlib/dunder.c                      0x00000000   Number         0  dunder.o ABSOLUTE
    ../mathlib/fabs.c                        0x00000000   Number         0  fabs.o ABSOLUTE
    ../mathlib/fpclassify.c                  0x00000000   Number         0  fpclassify.o ABSOLUTE
    ../mathlib/poly.c                        0x00000000   Number         0  poly.o ABSOLUTE
    ../mathlib/rred.c                        0x00000000   Number         0  rred.o ABSOLUTE
    ../mathlib/sin.c                         0x00000000   Number         0  sin.o ABSOLUTE
    ../mathlib/sin.c                         0x00000000   Number         0  sin_x.o ABSOLUTE
    ../mathlib/sin_i.c                       0x00000000   Number         0  sin_i.o ABSOLUTE
    ../mathlib/sin_i.c                       0x00000000   Number         0  sin_i_x.o ABSOLUTE
    ..\\drivers\\c\\adc.c                    0x00000000   Number         0  adc.o ABSOLUTE
    ..\\drivers\\c\\gpio_port.c              0x00000000   Number         0  gpio_port.o ABSOLUTE
    ..\\drivers\\c\\timers.c                 0x00000000   Number         0  timers.o ABSOLUTE
    ..\\peripherals\\c\\launchpad_io.c       0x00000000   Number         0  launchpad_io.o ABSOLUTE
    ..\\peripherals\\c\\lcd.c                0x00000000   Number         0  lcd.o ABSOLUTE
    ..\\peripherals\\c\\ps2.c                0x00000000   Number         0  ps2.o ABSOLUTE
    ..\drivers\c\adc.c                       0x00000000   Number         0  adc.o ABSOLUTE
    ..\drivers\c\gpio_port.c                 0x00000000   Number         0  gpio_port.o ABSOLUTE
    ..\drivers\c\timers.c                    0x00000000   Number         0  timers.o ABSOLUTE
    ..\peripherals\c\launchpad_io.c          0x00000000   Number         0  launchpad_io.o ABSOLUTE
    ..\peripherals\c\lcd.c                   0x00000000   Number         0  lcd.o ABSOLUTE
    ..\peripherals\c\ps2.c                   0x00000000   Number         0  ps2.o ABSOLUTE
    RTE\Device\TM4C123GH6PM\startup_TM4C123.s 0x00000000   Number         0  startup_tm4c123.o ABSOLUTE
    RTE\Device\TM4C123GH6PM\system_TM4C123.c 0x00000000   Number         0  system_tm4c123.o ABSOLUTE
    RTE\\Device\\TM4C123GH6PM\\system_TM4C123.c 0x00000000   Number         0  system_tm4c123.o ABSOLUTE
    asteroid.c                               0x00000000   Number         0  asteroid.o ABSOLUTE
    asteroid.c                               0x00000000   Number         0  asteroid.o ABSOLUTE
    bullet.c                                 0x00000000   Number         0  bullet.o ABSOLUTE
    bullet.c                                 0x00000000   Number         0  bullet.o ABSOLUTE
    cdcmple.s                                0x00000000   Number         0  cdcmple.o ABSOLUTE
    cdrcmple.s                               0x00000000   Number         0  cdrcmple.o ABSOLUTE
    dc.s                                     0x00000000   Number         0  dc.o ABSOLUTE
    ece353_hw2_fonts.c                       0x00000000   Number         0  ece353_hw2_fonts.o ABSOLUTE
    ece353_hw2_fonts.c                       0x00000000   Number         0  ece353_hw2_fonts.o ABSOLUTE
    game.c                                   0x00000000   Number         0  game.o ABSOLUTE
    game.c                                   0x00000000   Number         0  game.o ABSOLUTE
    handlers.s                               0x00000000   Number         0  handlers.o ABSOLUTE
    init.s                                   0x00000000   Number         0  init.o ABSOLUTE
    main.c                                   0x00000000   Number         0  main.o ABSOLUTE
    main.c                                   0x00000000   Number         0  main.o ABSOLUTE
    ship.c                                   0x00000000   Number         0  ship.o ABSOLUTE
    ship.c                                   0x00000000   Number         0  ship.o ABSOLUTE
    vector.c                                 0x00000000   Number         0  vector.o ABSOLUTE
    .ARM.Collect$$$$00000000                 0x0000026c   Section        0  entry.o(.ARM.Collect$$$$00000000)
    .ARM.Collect$$$$00000001                 0x0000026c   Section        4  entry2.o(.ARM.Collect$$$$00000001)
    .ARM.Collect$$$$00000004                 0x00000270   Section        4  entry5.o(.ARM.Collect$$$$00000004)
    .ARM.Collect$$$$00000008                 0x00000274   Section        0  entry7b.o(.ARM.Collect$$$$00000008)
    .ARM.Collect$$$$0000000A                 0x00000274   Section        0  entry8b.o(.ARM.Collect$$$$0000000A)
    .ARM.Collect$$$$0000000B                 0x00000274   Section        8  entry9a.o(.ARM.Collect$$$$0000000B)
    .ARM.Collect$$$$0000000D                 0x0000027c   Section        0  entry10a.o(.ARM.Collect$$$$0000000D)
    .ARM.Collect$$$$0000000F                 0x0000027c   Section        0  entry11a.o(.ARM.Collect$$$$0000000F)
    .ARM.Collect$$$$00002712                 0x0000027c   Section        4  entry2.o(.ARM.Collect$$$$00002712)
    __lit__00000000                          0x0000027c   Data           4  entry2.o(.ARM.Collect$$$$00002712)
    .text                                    0x00000280   Section        0  main.o(.text)
    .text                                    0x00000654   Section        0  vector.o(.text)
    .text                                    0x000007b0   Section        0  ship.o(.text)
    .text                                    0x00000be4   Section        0  asteroid.o(.text)
    .text                                    0x00000f00   Section        0  bullet.o(.text)
    .text                                    0x000013b4   Section        0  game.o(.text)
    .text                                    0x000017e4   Section        0  ece353_hw2_fonts.o(.text)
    .text                                    0x0000186c   Section        0  adc.o(.text)
    .text                                    0x000019dc   Section        0  gpio_port.o(.text)
    verify_base_addr                         0x000019dd   Thumb Code    64  gpio_port.o(.text)
    .text                                    0x00001c6c   Section        0  timers.o(.text)
    NVIC_SetPriority                         0x00001c6d   Thumb Code    32  timers.o(.text)
    verify_base_addr                         0x00001c8d   Thumb Code    64  timers.o(.text)
    get_clock_masks                          0x00001ccd   Thumb Code   106  timers.o(.text)
    NVIC_EnableIRQ                           0x00001f2d   Thumb Code    22  timers.o(.text)
    .text                                    0x00001f5c   Section        0  launchpad_io.o(.text)
    .text                                    0x0000202c   Section        0  lcd.o(.text)
    delayms                                  0x0000202d   Thumb Code    26  lcd.o(.text)
    lcd_write_cmd_u8                         0x00002047   Thumb Code    40  lcd.o(.text)
    lcd_write_data_u8                        0x0000206f   Thumb Code    36  lcd.o(.text)
    lcd_write_data_u16                       0x00002093   Thumb Code    60  lcd.o(.text)
    .text                                    0x0000250c   Section        0  ps2.o(.text)
    initialize_adc_gpio_pins                 0x0000250d   Thumb Code    58  ps2.o(.text)
    .text                                    0x0000257c   Section      252  startup_tm4c123.o(.text)
    $v0                                      0x0000257c   Number         0  startup_tm4c123.o(.text)
    .text                                    0x00002678   Section        0  system_tm4c123.o(.text)
    getOscClk                                0x00002679   Thumb Code   182  system_tm4c123.o(.text)
    .text                                    0x000028c8   Section        0  rand.o(.text)
    .text                                    0x000028ec   Section        0  memcpya.o(.text)
    .text                                    0x00002910   Section        0  strlen.o(.text)
    .text                                    0x0000291e   Section        0  strcpy.o(.text)
    .text                                    0x00002930   Section        0  dadd.o(.text)
    .text                                    0x00002a7e   Section        0  dmul.o(.text)
    .text                                    0x00002b62   Section        0  ddiv.o(.text)
    .text                                    0x00002c40   Section        0  dflti.o(.text)
    .text                                    0x00002c62   Section        0  dfixi.o(.text)
    .text                                    0x00002ca0   Section        0  f2d.o(.text)
    .text                                    0x00002cc8   Section       40  cdcmple.o(.text)
    .text                                    0x00002cf0   Section       40  cdrcmple.o(.text)
    .text                                    0x00002d18   Section        0  d2f.o(.text)
    .text                                    0x00002d50   Section        0  uidiv.o(.text)
    .text                                    0x00002d7c   Section        0  uldiv.o(.text)
    .text                                    0x00002dde   Section        0  llshl.o(.text)
    .text                                    0x00002dfc   Section        0  llushr.o(.text)
    .text                                    0x00002e1c   Section        0  llsshr.o(.text)
    .text                                    0x00002e40   Section        0  iusefp.o(.text)
    .text                                    0x00002e40   Section        0  fepilogue.o(.text)
    .text                                    0x00002eae   Section        0  depilogue.o(.text)
    .text                                    0x00002f64   Section        0  dfixul.o(.text)
    .text                                    0x00002f94   Section       36  init.o(.text)
    .text                                    0x00002fb8   Section        0  dfltui.o(.text)
    i.__0snprintf                            0x00002fd4   Section        0  printfa.o(i.__0snprintf)
    i.__ARM_fpclassify                       0x00002ffc   Section        0  fpclassify.o(i.__ARM_fpclassify)
    i.__hardfp_cos                           0x00003030   Section        0  cos.o(i.__hardfp_cos)
    i.__hardfp_fabs                          0x00003108   Section        0  fabs.o(i.__hardfp_fabs)
    i.__hardfp_sin                           0x00003120   Section        0  sin.o(i.__hardfp_sin)
    i.__ieee754_rem_pio2                     0x000031f8   Section        0  rred.o(i.__ieee754_rem_pio2)
    i.__kernel_cos                           0x00003630   Section        0  cos_i.o(i.__kernel_cos)
    i.__kernel_poly                          0x000037a0   Section        0  poly.o(i.__kernel_poly)
    i.__kernel_sin                           0x00003898   Section        0  sin_i.o(i.__kernel_sin)
    i.__mathlib_dbl_underflow                0x000039c8   Section        0  dunder.o(i.__mathlib_dbl_underflow)
    i.__scatterload_copy                     0x000039e8   Section       14  handlers.o(i.__scatterload_copy)
    i.__scatterload_null                     0x000039f6   Section        2  handlers.o(i.__scatterload_null)
    i.__scatterload_zeroinit                 0x000039f8   Section       14  handlers.o(i.__scatterload_zeroinit)
    i.__set_errno                            0x00003a08   Section        0  errno.o(i.__set_errno)
    i._fp_digits                             0x00003a14   Section        0  printfa.o(i._fp_digits)
    _fp_digits                               0x00003a15   Thumb Code   334  printfa.o(i._fp_digits)
    i._printf_core                           0x00003b78   Section        0  printfa.o(i._printf_core)
    _printf_core                             0x00003b79   Thumb Code  1744  printfa.o(i._printf_core)
    i._printf_post_padding                   0x00004254   Section        0  printfa.o(i._printf_post_padding)
    _printf_post_padding                     0x00004255   Thumb Code    36  printfa.o(i._printf_post_padding)
    i._printf_pre_padding                    0x00004278   Section        0  printfa.o(i._printf_pre_padding)
    _printf_pre_padding                      0x00004279   Thumb Code    46  printfa.o(i._printf_pre_padding)
    i._snputc                                0x000042a6   Section        0  printfa.o(i._snputc)
    _snputc                                  0x000042a7   Thumb Code    22  printfa.o(i._snputc)
    i.fabs                                   0x000042bc   Section        0  fabs.o(i.fabs)
    i.free                                   0x000042d4   Section        0  malloc.o(i.free)
    i.malloc                                 0x00004324   Section        0  malloc.o(i.malloc)
    .constdata                               0x00004390   Section     2880  ship.o(.constdata)
    .constdata                               0x00004ed0   Section      988  asteroid.o(.constdata)
    .constdata                               0x000052ac   Section       10  bullet.o(.constdata)
    .constdata                               0x000052b8   Section       52  game.o(.constdata)
    .constdata                               0x000052ec   Section     4560  ece353_hw2_fonts.o(.constdata)
    .constdata                               0x000064c0   Section       48  cos_i.o(.constdata)
    C                                        0x000064c0   Data          48  cos_i.o(.constdata)
    .constdata                               0x000064f0   Section      200  rred.o(.constdata)
    pio2s                                    0x000064f0   Data          48  rred.o(.constdata)
    twooverpi                                0x00006520   Data         152  rred.o(.constdata)
    .constdata                               0x000065b8   Section       40  sin_i.o(.constdata)
    S                                        0x000065b8   Data          40  sin_i.o(.constdata)
    .data                                    0x20000000   Section       72  main.o(.data)
    debounce_sw1                             0x20000040   Data           4  main.o(.data)
    debounce_sw2                             0x20000044   Data           4  main.o(.data)
    .data                                    0x20000048   Section        4  system_tm4c123.o(.data)
    .data                                    0x2000004c   Section        4  rand.o(.data)
    _rand_state                              0x2000004c   Data           4  rand.o(.data)
    .data                                    0x20000050   Section        4  mvars.o(.data)
    .data                                    0x20000054   Section        4  mvars.o(.data)
    .data                                    0x20000058   Section        4  errno.o(.data)
    _errno                                   0x20000058   Data           4  errno.o(.data)
    HEAP                                     0x20000060   Section        0  startup_tm4c123.o(HEAP)
    STACK                                    0x20000060   Section     4096  startup_tm4c123.o(STACK)

    Global Symbols

    Symbol Name                              Value     Ov Type        Size  Object(Section)

    BuildAttributes$$THM_ISAv4$E$P$D$K$B$S$7EM$VFPi3$EXTD16$VFPS$VFMA$PE$A:L22UL41UL21$X:L11$S22US41US21$IEEE1$IW$USESV6$~STKCKD$USESV7$~SHL$OTIME$ROPI$IEEEX$EBA8$MICROLIB$REQ8$PRES8$EABIv2 0x00000000   Number         0  anon$$obj.o ABSOLUTE
    __ARM_use_no_argv                        0x00000000   Number         0  main.o ABSOLUTE
    __Vectors                                0x00000000   Data           4  startup_tm4c123.o(RESET)
    _printf_a                                0x00000000   Number         0  stubs.o ABSOLUTE
    _printf_c                                0x00000000   Number         0  stubs.o ABSOLUTE
    _printf_charcount                        0x00000000   Number         0  stubs.o ABSOLUTE
    _printf_d                                0x00000000   Number         0  stubs.o ABSOLUTE
    _printf_e                                0x00000000   Number         0  stubs.o ABSOLUTE
    _printf_f                                0x00000000   Number         0  stubs.o ABSOLUTE
    _printf_flags                            0x00000000   Number         0  stubs.o ABSOLUTE
    _printf_fp_dec                           0x00000000   Number         0  stubs.o ABSOLUTE
    _printf_fp_hex                           0x00000000   Number         0  stubs.o ABSOLUTE
    _printf_g                                0x00000000   Number         0  stubs.o ABSOLUTE
    _printf_i                                0x00000000   Number         0  stubs.o ABSOLUTE
    _printf_int_dec                          0x00000000   Number         0  stubs.o ABSOLUTE
    _printf_l                                0x00000000   Number         0  stubs.o ABSOLUTE
    _printf_lc                               0x00000000   Number         0  stubs.o ABSOLUTE
    _printf_ll                               0x00000000   Number         0  stubs.o ABSOLUTE
    _printf_lld                              0x00000000   Number         0  stubs.o ABSOLUTE
    _printf_lli                              0x00000000   Number         0  stubs.o ABSOLUTE
    _printf_llo                              0x00000000   Number         0  stubs.o ABSOLUTE
    _printf_llu                              0x00000000   Number         0  stubs.o ABSOLUTE
    _printf_llx                              0x00000000   Number         0  stubs.o ABSOLUTE
    _printf_longlong_dec                     0x00000000   Number         0  stubs.o ABSOLUTE
    _printf_longlong_hex                     0x00000000   Number         0  stubs.o ABSOLUTE
    _printf_longlong_oct                     0x00000000   Number         0  stubs.o ABSOLUTE
    _printf_ls                               0x00000000   Number         0  stubs.o ABSOLUTE
    _printf_mbtowc                           0x00000000   Number         0  stubs.o ABSOLUTE
    _printf_n                                0x00000000   Number         0  stubs.o ABSOLUTE
    _printf_o                                0x00000000   Number         0  stubs.o ABSOLUTE
    _printf_p                                0x00000000   Number         0  stubs.o ABSOLUTE
    _printf_percent                          0x00000000   Number         0  stubs.o ABSOLUTE
    _printf_pre_padding                      0x00000000   Number         0  stubs.o ABSOLUTE
    _printf_return_value                     0x00000000   Number         0  stubs.o ABSOLUTE
    _printf_s                                0x00000000   Number         0  stubs.o ABSOLUTE
    _printf_sizespec                         0x00000000   Number         0  stubs.o ABSOLUTE
    _printf_str                              0x00000000   Number         0  stubs.o ABSOLUTE
    _printf_truncate_signed                  0x00000000   Number         0  stubs.o ABSOLUTE
    _printf_truncate_unsigned                0x00000000   Number         0  stubs.o ABSOLUTE
    _printf_u                                0x00000000   Number         0  stubs.o ABSOLUTE
    _printf_wc                               0x00000000   Number         0  stubs.o ABSOLUTE
    _printf_wctomb                           0x00000000   Number         0  stubs.o ABSOLUTE
    _printf_widthprec                        0x00000000   Number         0  stubs.o ABSOLUTE
    _printf_x                                0x00000000   Number         0  stubs.o ABSOLUTE
    __cpp_initialize__aeabi_                  - Undefined Weak Reference
    __cxa_finalize                            - Undefined Weak Reference
    __decompress                              - Undefined Weak Reference
    _clock_init                               - Undefined Weak Reference
    _microlib_exit                            - Undefined Weak Reference
    __Vectors_End                            0x0000026c   Data           0  startup_tm4c123.o(RESET)
    __Vectors_Size                           0x0000026c   Number         0  startup_tm4c123.o ABSOLUTE
    __main                                   0x0000026d   Thumb Code     0  entry.o(.ARM.Collect$$$$00000000)
    _main_stk                                0x0000026d   Thumb Code     0  entry2.o(.ARM.Collect$$$$00000001)
    _main_scatterload                        0x00000271   Thumb Code     0  entry5.o(.ARM.Collect$$$$00000004)
    __main_after_scatterload                 0x00000275   Thumb Code     0  entry5.o(.ARM.Collect$$$$00000004)
    _main_clock                              0x00000275   Thumb Code     0  entry7b.o(.ARM.Collect$$$$00000008)
    _main_cpp_init                           0x00000275   Thumb Code     0  entry8b.o(.ARM.Collect$$$$0000000A)
    _main_init                               0x00000275   Thumb Code     0  entry9a.o(.ARM.Collect$$$$0000000B)
    __rt_final_cpp                           0x0000027d   Thumb Code     0  entry10a.o(.ARM.Collect$$$$0000000D)
    __rt_final_exit                          0x0000027d   Thumb Code     0  entry11a.o(.ARM.Collect$$$$0000000F)
    sw1_debounce_fsm                         0x00000281   Thumb Code    46  main.o(.text)
    sw2_debounce_fsm                         0x000002af   Thumb Code    44  main.o(.text)
    queue_command                            0x000002db   Thumb Code    64  main.o(.text)
    initialize_hardware                      0x0000031b   Thumb Code    46  main.o(.text)
    TIMER0A_Handler                          0x00000349   Thumb Code    20  main.o(.text)
    TIMER0B_Handler                          0x0000035d   Thumb Code    20  main.o(.text)
    ADC0SS2_Handler                          0x00000371   Thumb Code    20  main.o(.text)
    draw_main_menu                           0x00000385   Thumb Code   112  main.o(.text)
    menu_pressed                             0x000003f5   Thumb Code    24  main.o(.text)
    main                                     0x0000040d   Thumb Code   454  main.o(.text)
    new_vector                               0x00000655   Thumb Code    28  vector.o(.text)
    add                                      0x00000671   Thumb Code    64  vector.o(.text)
    sub                                      0x000006b1   Thumb Code    60  vector.o(.text)
    mult                                     0x000006ed   Thumb Code    72  vector.o(.text)
    wrap                                     0x00000735   Thumb Code   110  vector.o(.text)
    new_ship                                 0x000007b1   Thumb Code    56  ship.o(.text)
    accelerate_ship                          0x000007e9   Thumb Code   378  ship.o(.text)
    rotate_ship_left                         0x00000963   Thumb Code    44  ship.o(.text)
    rotate_ship_right                        0x0000098f   Thumb Code    40  ship.o(.text)
    update_ship                              0x000009b7   Thumb Code    40  ship.o(.text)
    ship_asteroid_collision                  0x000009df   Thumb Code   196  ship.o(.text)
    draw_ship                                0x00000aa3   Thumb Code   322  ship.o(.text)
    new_asteroid                             0x00000be5   Thumb Code    82  asteroid.o(.text)
    new_asteroid_list                        0x00000c37   Thumb Code    36  asteroid.o(.text)
    add_asteroid                             0x00000c5b   Thumb Code    36  asteroid.o(.text)
    delete_asteroid_list                     0x00000c7f   Thumb Code    36  asteroid.o(.text)
    remove_asteroid                          0x00000ca3   Thumb Code    24  asteroid.o(.text)
    draw_canvas_asteroid                     0x00000cbb   Thumb Code   128  asteroid.o(.text)
    split_asteroid                           0x00000d3b   Thumb Code   142  asteroid.o(.text)
    count_asteroid                           0x00000dc9   Thumb Code     8  asteroid.o(.text)
    update_asteroids                         0x00000dd1   Thumb Code    72  asteroid.o(.text)
    draw_asteroids                           0x00000e19   Thumb Code   216  asteroid.o(.text)
    new_bullet                               0x00000f01   Thumb Code   222  bullet.o(.text)
    new_bullet_manager                       0x00000fdf   Thumb Code    36  bullet.o(.text)
    fire_bullet                              0x00001003   Thumb Code    54  bullet.o(.text)
    draw_canvas_bullet                       0x00001039   Thumb Code    88  bullet.o(.text)
    remove_bullet                            0x00001091   Thumb Code    30  bullet.o(.text)
    bullet_manager_full                      0x000010af   Thumb Code    20  bullet.o(.text)
    bullet_hit                               0x000010c3   Thumb Code   328  bullet.o(.text)
    update_bullets                           0x0000120b   Thumb Code   188  bullet.o(.text)
    draw_bullets                             0x000012c7   Thumb Code   230  bullet.o(.text)
    spawn_asteroids                          0x000013b5   Thumb Code   198  game.o(.text)
    new_game                                 0x0000147b   Thumb Code   118  game.o(.text)
    delete_game                              0x000014f1   Thumb Code    18  game.o(.text)
    draw_paused                              0x00001503   Thumb Code    32  game.o(.text)
    pause_game                               0x00001523   Thumb Code    18  game.o(.text)
    update_game_ship                         0x00001535   Thumb Code   118  game.o(.text)
    update_game                              0x000015ab   Thumb Code   220  game.o(.text)
    draw_hud                                 0x00001687   Thumb Code   144  game.o(.text)
    draw_game                                0x00001717   Thumb Code    30  game.o(.text)
    resume_game                              0x00001735   Thumb Code    36  game.o(.text)
    draw_win                                 0x00001759   Thumb Code    32  game.o(.text)
    draw_lose                                0x00001779   Thumb Code    32  game.o(.text)
    lcd_print_stringXY                       0x000017e5   Thumb Code   132  ece353_hw2_fonts.o(.text)
    initialize_adc                           0x0000186d   Thumb Code   100  adc.o(.text)
    initialize_adc_HW3                       0x000018d1   Thumb Code   190  adc.o(.text)
    get_adc_value                            0x0000198f   Thumb Code    58  adc.o(.text)
    gpio_get_irq_num                         0x00001a1d   Thumb Code    74  gpio_port.o(.text)
    gpio_enable_port                         0x00001a67   Thumb Code   156  gpio_port.o(.text)
    gpio_config_digital_enable               0x00001b03   Thumb Code    34  gpio_port.o(.text)
    gpio_config_enable_output                0x00001b25   Thumb Code    34  gpio_port.o(.text)
    gpio_config_enable_input                 0x00001b47   Thumb Code    34  gpio_port.o(.text)
    gpio_config_enable_pullup                0x00001b69   Thumb Code    34  gpio_port.o(.text)
    gpio_config_enable_pulldown              0x00001b8b   Thumb Code    34  gpio_port.o(.text)
    gpio_config_analog_enable                0x00001bad   Thumb Code    34  gpio_port.o(.text)
    gpio_config_alternate_function           0x00001bcf   Thumb Code    34  gpio_port.o(.text)
    gpio_config_port_control                 0x00001bf1   Thumb Code    50  gpio_port.o(.text)
    gpio_config_open_drain                   0x00001c23   Thumb Code    34  gpio_port.o(.text)
    gpio_config_falling_edge_irq             0x00001c45   Thumb Code     6  gpio_port.o(.text)
    gp_timer_wait                            0x00001d37   Thumb Code    64  timers.o(.text)
    gp_timer_config_32                       0x00001d77   Thumb Code   140  timers.o(.text)
    gp_timer_config_16                       0x00001e03   Thumb Code   226  timers.o(.text)
    gp_timer_period                          0x00001ee5   Thumb Code    72  timers.o(.text)
    lp_io_set_pin                            0x00001f5d   Thumb Code    18  launchpad_io.o(.text)
    lp_io_clear_pin                          0x00001f6f   Thumb Code    24  launchpad_io.o(.text)
    lp_io_read_pin                           0x00001f87   Thumb Code    22  launchpad_io.o(.text)
    lp_io_init                               0x00001f9d   Thumb Code   120  launchpad_io.o(.text)
    lcd_set_pos                              0x000020cf   Thumb Code    58  lcd.o(.text)
    lcd_clear_screen                         0x00002109   Thumb Code    52  lcd.o(.text)
    lcd_draw_image                           0x0000213d   Thumb Code   184  lcd.o(.text)
    lcd_config_gpio                          0x000021f5   Thumb Code   222  lcd.o(.text)
    lcd_config_screen                        0x000022d3   Thumb Code   566  lcd.o(.text)
    ps2_initialize                           0x00002547   Thumb Code    14  ps2.o(.text)
    ps2_get_x                                0x00002555   Thumb Code    16  ps2.o(.text)
    ps2_get_y                                0x00002565   Thumb Code    16  ps2.o(.text)
    Reset_Handler                            0x0000257d   Thumb Code     8  startup_tm4c123.o(.text)
    NMI_Handler                              0x00002585   Thumb Code     2  startup_tm4c123.o(.text)
    HardFault_Handler                        0x00002587   Thumb Code     2  startup_tm4c123.o(.text)
    MemManage_Handler                        0x00002589   Thumb Code     2  startup_tm4c123.o(.text)
    BusFault_Handler                         0x0000258b   Thumb Code     2  startup_tm4c123.o(.text)
    UsageFault_Handler                       0x0000258d   Thumb Code     2  startup_tm4c123.o(.text)
    SVC_Handler                              0x0000258f   Thumb Code     2  startup_tm4c123.o(.text)
    DebugMon_Handler                         0x00002591   Thumb Code     2  startup_tm4c123.o(.text)
    PendSV_Handler                           0x00002593   Thumb Code     2  startup_tm4c123.o(.text)
    SysTick_Handler                          0x00002595   Thumb Code     2  startup_tm4c123.o(.text)
    GPIOA_Handler                            0x00002597   Thumb Code     2  startup_tm4c123.o(.text)
    GPIOB_Handler                            0x00002599   Thumb Code     2  startup_tm4c123.o(.text)
    GPIOC_Handler                            0x0000259b   Thumb Code     2  startup_tm4c123.o(.text)
    GPIOD_Handler                            0x0000259d   Thumb Code     2  startup_tm4c123.o(.text)
    GPIOE_Handler                            0x0000259f   Thumb Code     2  startup_tm4c123.o(.text)
    UART0_Handler                            0x000025a1   Thumb Code     2  startup_tm4c123.o(.text)
    UART1_Handler                            0x000025a3   Thumb Code     2  startup_tm4c123.o(.text)
    SSI0_Handler                             0x000025a5   Thumb Code     2  startup_tm4c123.o(.text)
    I2C0_Handler                             0x000025a7   Thumb Code     2  startup_tm4c123.o(.text)
    PMW0_FAULT_Handler                       0x000025a9   Thumb Code     2  startup_tm4c123.o(.text)
    PWM0_0_Handler                           0x000025ab   Thumb Code     2  startup_tm4c123.o(.text)
    PWM0_1_Handler                           0x000025ad   Thumb Code     2  startup_tm4c123.o(.text)
    PWM0_2_Handler                           0x000025af   Thumb Code     2  startup_tm4c123.o(.text)
    QEI0_Handler                             0x000025b1   Thumb Code     2  startup_tm4c123.o(.text)
    ADC0SS0_Handler                          0x000025b3   Thumb Code     2  startup_tm4c123.o(.text)
    ADC0SS1_Handler                          0x000025b5   Thumb Code     2  startup_tm4c123.o(.text)
    ADC0SS3_Handler                          0x000025b9   Thumb Code     2  startup_tm4c123.o(.text)
    WDT0_Handler                             0x000025bb   Thumb Code     2  startup_tm4c123.o(.text)
    TIMER1A_Handler                          0x000025c1   Thumb Code     2  startup_tm4c123.o(.text)
    TIMER1B_Handler                          0x000025c3   Thumb Code     2  startup_tm4c123.o(.text)
    TIMER2A_Handler                          0x000025c5   Thumb Code     2  startup_tm4c123.o(.text)
    TIMER2B_Handler                          0x000025c7   Thumb Code     2  startup_tm4c123.o(.text)
    COMP0_Handler                            0x000025c9   Thumb Code     2  startup_tm4c123.o(.text)
    COMP1_Handler                            0x000025cb   Thumb Code     2  startup_tm4c123.o(.text)
    COMP2_Handler                            0x000025cd   Thumb Code     2  startup_tm4c123.o(.text)
    SYSCTL_Handler                           0x000025cf   Thumb Code     2  startup_tm4c123.o(.text)
    FLASH_Handler                            0x000025d1   Thumb Code     2  startup_tm4c123.o(.text)
    GPIOF_Handler                            0x000025d3   Thumb Code     2  startup_tm4c123.o(.text)
    GPIOG_Handler                            0x000025d5   Thumb Code     2  startup_tm4c123.o(.text)
    GPIOH_Handler                            0x000025d7   Thumb Code     2  startup_tm4c123.o(.text)
    UART2_Handler                            0x000025d9   Thumb Code     2  startup_tm4c123.o(.text)
    SSI1_Handler                             0x000025db   Thumb Code     2  startup_tm4c123.o(.text)
    TIMER3A_Handler                          0x000025dd   Thumb Code     2  startup_tm4c123.o(.text)
    TIMER3B_Handler                          0x000025df   Thumb Code     2  startup_tm4c123.o(.text)
    I2C1_Handler                             0x000025e1   Thumb Code     2  startup_tm4c123.o(.text)
    QEI1_Handler                             0x000025e3   Thumb Code     2  startup_tm4c123.o(.text)
    CAN0_Handler                             0x000025e5   Thumb Code     2  startup_tm4c123.o(.text)
    CAN1_Handler                             0x000025e7   Thumb Code     2  startup_tm4c123.o(.text)
    CAN2_Handler                             0x000025e9   Thumb Code     2  startup_tm4c123.o(.text)
    HIB_Handler                              0x000025eb   Thumb Code     2  startup_tm4c123.o(.text)
    USB0_Handler                             0x000025ed   Thumb Code     2  startup_tm4c123.o(.text)
    PWM0_3_Handler                           0x000025ef   Thumb Code     2  startup_tm4c123.o(.text)
    UDMA_Handler                             0x000025f1   Thumb Code     2  startup_tm4c123.o(.text)
    UDMAERR_Handler                          0x000025f3   Thumb Code     2  startup_tm4c123.o(.text)
    ADC1SS0_Handler                          0x000025f5   Thumb Code     2  startup_tm4c123.o(.text)
    ADC1SS1_Handler                          0x000025f7   Thumb Code     2  startup_tm4c123.o(.text)
    ADC1SS2_Handler                          0x000025f9   Thumb Code     2  startup_tm4c123.o(.text)
    ADC1SS3_Handler                          0x000025fb   Thumb Code     2  startup_tm4c123.o(.text)
    GPIOJ_Handler                            0x000025fd   Thumb Code     2  startup_tm4c123.o(.text)
    GPIOK_Handler                            0x000025ff   Thumb Code     2  startup_tm4c123.o(.text)
    GPIOL_Handler                            0x00002601   Thumb Code     2  startup_tm4c123.o(.text)
    SSI2_Handler                             0x00002603   Thumb Code     2  startup_tm4c123.o(.text)
    SSI3_Handler                             0x00002605   Thumb Code     2  startup_tm4c123.o(.text)
    UART3_Handler                            0x00002607   Thumb Code     2  startup_tm4c123.o(.text)
    UART4_Handler                            0x00002609   Thumb Code     2  startup_tm4c123.o(.text)
    UART5_Handler                            0x0000260b   Thumb Code     2  startup_tm4c123.o(.text)
    UART6_Handler                            0x0000260d   Thumb Code     2  startup_tm4c123.o(.text)
    UART7_Handler                            0x0000260f   Thumb Code     2  startup_tm4c123.o(.text)
    I2C2_Handler                             0x00002611   Thumb Code     2  startup_tm4c123.o(.text)
    I2C3_Handler                             0x00002613   Thumb Code     2  startup_tm4c123.o(.text)
    TIMER4A_Handler                          0x00002615   Thumb Code     2  startup_tm4c123.o(.text)
    TIMER4B_Handler                          0x00002617   Thumb Code     2  startup_tm4c123.o(.text)
    TIMER5A_Handler                          0x00002619   Thumb Code     2  startup_tm4c123.o(.text)
    TIMER5B_Handler                          0x0000261b   Thumb Code     2  startup_tm4c123.o(.text)
    WTIMER0A_Handler                         0x0000261d   Thumb Code     2  startup_tm4c123.o(.text)
    WTIMER0B_Handler                         0x0000261f   Thumb Code     2  startup_tm4c123.o(.text)
    WTIMER1A_Handler                         0x00002621   Thumb Code     2  startup_tm4c123.o(.text)
    WTIMER1B_Handler                         0x00002623   Thumb Code     2  startup_tm4c123.o(.text)
    WTIMER2A_Handler                         0x00002625   Thumb Code     2  startup_tm4c123.o(.text)
    WTIMER2B_Handler                         0x00002627   Thumb Code     2  startup_tm4c123.o(.text)
    WTIMER3A_Handler                         0x00002629   Thumb Code     2  startup_tm4c123.o(.text)
    WTIMER3B_Handler                         0x0000262b   Thumb Code     2  startup_tm4c123.o(.text)
    WTIMER4A_Handler                         0x0000262d   Thumb Code     2  startup_tm4c123.o(.text)
    WTIMER4B_Handler                         0x0000262f   Thumb Code     2  startup_tm4c123.o(.text)
    WTIMER5A_Handler                         0x00002631   Thumb Code     2  startup_tm4c123.o(.text)
    WTIMER5B_Handler                         0x00002633   Thumb Code     2  startup_tm4c123.o(.text)
    FPU_Handler                              0x00002635   Thumb Code     2  startup_tm4c123.o(.text)
    I2C4_Handler                             0x00002637   Thumb Code     2  startup_tm4c123.o(.text)
    I2C5_Handler                             0x00002639   Thumb Code     2  startup_tm4c123.o(.text)
    GPIOM_Handler                            0x0000263b   Thumb Code     2  startup_tm4c123.o(.text)
    GPION_Handler                            0x0000263d   Thumb Code     2  startup_tm4c123.o(.text)
    QEI2_Handler                             0x0000263f   Thumb Code     2  startup_tm4c123.o(.text)
    GPIOP0_Handler                           0x00002641   Thumb Code     2  startup_tm4c123.o(.text)
    GPIOP1_Handler                           0x00002643   Thumb Code     2  startup_tm4c123.o(.text)
    GPIOP2_Handler                           0x00002645   Thumb Code     2  startup_tm4c123.o(.text)
    GPIOP3_Handler                           0x00002647   Thumb Code     2  startup_tm4c123.o(.text)
    GPIOP4_Handler                           0x00002649   Thumb Code     2  startup_tm4c123.o(.text)
    GPIOP5_Handler                           0x0000264b   Thumb Code     2  startup_tm4c123.o(.text)
    GPIOP6_Handler                           0x0000264d   Thumb Code     2  startup_tm4c123.o(.text)
    GPIOP7_Handler                           0x0000264f   Thumb Code     2  startup_tm4c123.o(.text)
    GPIOQ0_Handler                           0x00002651   Thumb Code     2  startup_tm4c123.o(.text)
    GPIOQ1_Handler                           0x00002653   Thumb Code     2  startup_tm4c123.o(.text)
    GPIOQ2_Handler                           0x00002655   Thumb Code     2  startup_tm4c123.o(.text)
    GPIOQ3_Handler                           0x00002657   Thumb Code     2  startup_tm4c123.o(.text)
    GPIOQ4_Handler                           0x00002659   Thumb Code     2  startup_tm4c123.o(.text)
    GPIOQ5_Handler                           0x0000265b   Thumb Code     2  startup_tm4c123.o(.text)
    GPIOQ6_Handler                           0x0000265d   Thumb Code     2  startup_tm4c123.o(.text)
    GPIOQ7_Handler                           0x0000265f   Thumb Code     2  startup_tm4c123.o(.text)
    GPIOR_Handler                            0x00002661   Thumb Code     2  startup_tm4c123.o(.text)
    GPIOS_Handler                            0x00002663   Thumb Code     2  startup_tm4c123.o(.text)
    PMW1_0_Handler                           0x00002665   Thumb Code     2  startup_tm4c123.o(.text)
    PWM1_1_Handler                           0x00002667   Thumb Code     2  startup_tm4c123.o(.text)
    PWM1_2_Handler                           0x00002669   Thumb Code     2  startup_tm4c123.o(.text)
    PWM1_3_Handler                           0x0000266b   Thumb Code     2  startup_tm4c123.o(.text)
    PWM1_FAULT_Handler                       0x0000266d   Thumb Code     2  startup_tm4c123.o(.text)
    SystemCoreClockUpdate                    0x0000272f   Thumb Code   184  system_tm4c123.o(.text)
    SystemInit                               0x000027e7   Thumb Code   112  system_tm4c123.o(.text)
    rand                                     0x000028c9   Thumb Code    20  rand.o(.text)
    srand                                    0x000028dd   Thumb Code     6  rand.o(.text)
    __aeabi_memcpy                           0x000028ed   Thumb Code    36  memcpya.o(.text)
    __aeabi_memcpy4                          0x000028ed   Thumb Code     0  memcpya.o(.text)
    __aeabi_memcpy8                          0x000028ed   Thumb Code     0  memcpya.o(.text)
    strlen                                   0x00002911   Thumb Code    14  strlen.o(.text)
    strcpy                                   0x0000291f   Thumb Code    18  strcpy.o(.text)
    __aeabi_dadd                             0x00002931   Thumb Code   322  dadd.o(.text)
    __aeabi_dsub                             0x00002a73   Thumb Code     6  dadd.o(.text)
    __aeabi_drsub                            0x00002a79   Thumb Code     6  dadd.o(.text)
    __aeabi_dmul                             0x00002a7f   Thumb Code   228  dmul.o(.text)
    __aeabi_ddiv                             0x00002b63   Thumb Code   222  ddiv.o(.text)
    __aeabi_i2d                              0x00002c41   Thumb Code    34  dflti.o(.text)
    __aeabi_d2iz                             0x00002c63   Thumb Code    62  dfixi.o(.text)
    __aeabi_f2d                              0x00002ca1   Thumb Code    38  f2d.o(.text)
    __aeabi_cdcmpeq                          0x00002cc9   Thumb Code     0  cdcmple.o(.text)
    __aeabi_cdcmple                          0x00002cc9   Thumb Code    38  cdcmple.o(.text)
    __aeabi_cdrcmple                         0x00002cf1   Thumb Code    38  cdrcmple.o(.text)
    __aeabi_d2f                              0x00002d19   Thumb Code    56  d2f.o(.text)
    __aeabi_uidiv                            0x00002d51   Thumb Code     0  uidiv.o(.text)
    __aeabi_uidivmod                         0x00002d51   Thumb Code    44  uidiv.o(.text)
    __aeabi_uldivmod                         0x00002d7d   Thumb Code    98  uldiv.o(.text)
    __aeabi_llsl                             0x00002ddf   Thumb Code    30  llshl.o(.text)
    _ll_shift_l                              0x00002ddf   Thumb Code     0  llshl.o(.text)
    __aeabi_llsr                             0x00002dfd   Thumb Code    32  llushr.o(.text)
    _ll_ushift_r                             0x00002dfd   Thumb Code     0  llushr.o(.text)
    __aeabi_lasr                             0x00002e1d   Thumb Code    36  llsshr.o(.text)
    _ll_sshift_r                             0x00002e1d   Thumb Code     0  llsshr.o(.text)
    __I$use$fp                               0x00002e41   Thumb Code     0  iusefp.o(.text)
    _float_round                             0x00002e41   Thumb Code    18  fepilogue.o(.text)
    _float_epilogue                          0x00002e53   Thumb Code    92  fepilogue.o(.text)
    _double_round                            0x00002eaf   Thumb Code    26  depilogue.o(.text)
    _double_epilogue                         0x00002ec9   Thumb Code   156  depilogue.o(.text)
    __aeabi_d2ulz                            0x00002f65   Thumb Code    48  dfixul.o(.text)
    __scatterload                            0x00002f95   Thumb Code    28  init.o(.text)
    __scatterload_rt2                        0x00002f95   Thumb Code     0  init.o(.text)
    __aeabi_ui2d                             0x00002fb9   Thumb Code    26  dfltui.o(.text)
    __0snprintf                              0x00002fd5   Thumb Code    36  printfa.o(i.__0snprintf)
    __1snprintf                              0x00002fd5   Thumb Code     0  printfa.o(i.__0snprintf)
    __2snprintf                              0x00002fd5   Thumb Code     0  printfa.o(i.__0snprintf)
    __c89snprintf                            0x00002fd5   Thumb Code     0  printfa.o(i.__0snprintf)
    snprintf                                 0x00002fd5   Thumb Code     0  printfa.o(i.__0snprintf)
    __ARM_fpclassify                         0x00002ffd   Thumb Code    48  fpclassify.o(i.__ARM_fpclassify)
    __hardfp_cos                             0x00003031   Thumb Code   200  cos.o(i.__hardfp_cos)
    __hardfp_fabs                            0x00003109   Thumb Code    20  fabs.o(i.__hardfp_fabs)
    __hardfp_sin                             0x00003121   Thumb Code   200  sin.o(i.__hardfp_sin)
    __ieee754_rem_pio2                       0x000031f9   Thumb Code   938  rred.o(i.__ieee754_rem_pio2)
    __kernel_cos                             0x00003631   Thumb Code   322  cos_i.o(i.__kernel_cos)
    __kernel_poly                            0x000037a1   Thumb Code   248  poly.o(i.__kernel_poly)
    __kernel_sin                             0x00003899   Thumb Code   280  sin_i.o(i.__kernel_sin)
    __mathlib_dbl_underflow                  0x000039c9   Thumb Code    24  dunder.o(i.__mathlib_dbl_underflow)
    __scatterload_copy                       0x000039e9   Thumb Code    14  handlers.o(i.__scatterload_copy)
    __scatterload_null                       0x000039f7   Thumb Code     2  handlers.o(i.__scatterload_null)
    __scatterload_zeroinit                   0x000039f9   Thumb Code    14  handlers.o(i.__scatterload_zeroinit)
    __set_errno                              0x00003a09   Thumb Code     6  errno.o(i.__set_errno)
    fabs                                     0x000042bd   Thumb Code    24  fabs.o(i.fabs)
    free                                     0x000042d5   Thumb Code    76  malloc.o(i.free)
    malloc                                   0x00004325   Thumb Code    92  malloc.o(i.malloc)
    ship_canvas                              0x00004390   Data         288  ship.o(.constdata)
    shipBitmaps                              0x000044b0   Data        2592  ship.o(.constdata)
    asteroidCanvas                           0x00004ed0   Data         512  asteroid.o(.constdata)
    asteroidBitmaps                          0x000050d0   Data         476  asteroid.o(.constdata)
    bullet                                   0x000052ac   Data           2  bullet.o(.constdata)
    bullet_canvas                            0x000052ae   Data           8  bullet.o(.constdata)
    sitkaSmall_12ptBitmaps                   0x000052ec   Data        4560  ece353_hw2_fonts.o(.constdata)
    Region$$Table$$Base                      0x000065e0   Number         0  anon$$obj.o(Region$$Table)
    Region$$Table$$Limit                     0x00006600   Number         0  anon$$obj.o(Region$$Table)
    group                                    0x20000000   Data           8  main.o(.data)
    individual_1                             0x20000008   Data          14  main.o(.data)
    individual_2                             0x20000016   Data          14  main.o(.data)
    sw1_pressed                              0x20000024   Data           1  main.o(.data)
    sw2_pressed                              0x20000025   Data           1  main.o(.data)
    io_down_pressed                          0x20000026   Data           1  main.o(.data)
    g_update                                 0x20000027   Data           1  main.o(.data)
    ps2_up                                   0x20000028   Data           1  main.o(.data)
    ps2_left                                 0x20000029   Data           1  main.o(.data)
    ps2_right                                0x2000002a   Data           1  main.o(.data)
    ALERT_ADC_UPDATE                         0x2000002b   Data           1  main.o(.data)
    TIMERB_ALERT                             0x2000002c   Data           1  main.o(.data)
    TIMERA_ALERT                             0x2000002d   Data           1  main.o(.data)
    main_game                                0x20000030   Data           4  main.o(.data)
    PS2_X                                    0x20000034   Data           4  main.o(.data)
    PS2_Y                                    0x20000038   Data           4  main.o(.data)
    mode                                     0x2000003c   Data           1  main.o(.data)
    SystemCoreClock                          0x20000048   Data           4  system_tm4c123.o(.data)
    __microlib_freelist                      0x20000050   Data           4  mvars.o(.data)
    __microlib_freelist_initialised          0x20000054   Data           4  mvars.o(.data)
    __heap_base                              0x20000060   Data           0  startup_tm4c123.o(HEAP)
    __heap_limit                             0x20000060   Data           0  startup_tm4c123.o(HEAP)
    __initial_sp                             0x20001060   Data           0  startup_tm4c123.o(STACK)



==============================================================================

Memory Map of the image

  Image Entry point : 0x0000257d

  Load Region LR_1 (Base: 0x00000000, Size: 0x0000665c, Max: 0xffffffff, ABSOLUTE)

    Execution Region ER_RO (Base: 0x00000000, Size: 0x00006600, Max: 0xffffffff, ABSOLUTE)

    Base Addr    Size         Type   Attr      Idx    E Section Name        Object

    0x00000000   0x0000026c   Data   RO          377    RESET               startup_tm4c123.o
    0x0000026c   0x00000000   Code   RO          438  * .ARM.Collect$$$$00000000  mc_w.l(entry.o)
    0x0000026c   0x00000004   Code   RO          773    .ARM.Collect$$$$00000001  mc_w.l(entry2.o)
    0x00000270   0x00000004   Code   RO          776    .ARM.Collect$$$$00000004  mc_w.l(entry5.o)
    0x00000274   0x00000000   Code   RO          778    .ARM.Collect$$$$00000008  mc_w.l(entry7b.o)
    0x00000274   0x00000000   Code   RO          780    .ARM.Collect$$$$0000000A  mc_w.l(entry8b.o)
    0x00000274   0x00000008   Code   RO          781    .ARM.Collect$$$$0000000B  mc_w.l(entry9a.o)
    0x0000027c   0x00000000   Code   RO          783    .ARM.Collect$$$$0000000D  mc_w.l(entry10a.o)
    0x0000027c   0x00000000   Code   RO          785    .ARM.Collect$$$$0000000F  mc_w.l(entry11a.o)
    0x0000027c   0x00000004   Code   RO          774    .ARM.Collect$$$$00002712  mc_w.l(entry2.o)
    0x00000280   0x000003d4   Code   RO            3    .text               main.o
    0x00000654   0x0000015c   Code   RO          119    .text               vector.o
    0x000007b0   0x00000434   Code   RO          133    .text               ship.o
    0x00000be4   0x0000031c   Code   RO          156    .text               asteroid.o
    0x00000f00   0x000004b4   Code   RO          179    .text               bullet.o
    0x000013b4   0x00000430   Code   RO          202    .text               game.o
    0x000017e4   0x00000088   Code   RO          223    .text               ece353_hw2_fonts.o
    0x0000186c   0x00000170   Code   RO          249    .text               adc.o
    0x000019dc   0x00000290   Code   RO          273    .text               gpio_port.o
    0x00001c6c   0x000002f0   Code   RO          293    .text               timers.o
    0x00001f5c   0x000000d0   Code   RO          317    .text               launchpad_io.o
    0x0000202c   0x000004e0   Code   RO          337    .text               lcd.o
    0x0000250c   0x00000070   Code   RO          357    .text               ps2.o
    0x0000257c   0x000000fc   Code   RO          378  * .text               startup_tm4c123.o
    0x00002678   0x00000250   Code   RO          384    .text               system_tm4c123.o
    0x000028c8   0x00000024   Code   RO          441    .text               mc_w.l(rand.o)
    0x000028ec   0x00000024   Code   RO          444    .text               mc_w.l(memcpya.o)
    0x00002910   0x0000000e   Code   RO          446    .text               mc_w.l(strlen.o)
    0x0000291e   0x00000012   Code   RO          448    .text               mc_w.l(strcpy.o)
    0x00002930   0x0000014e   Code   RO          741    .text               mf_w.l(dadd.o)
    0x00002a7e   0x000000e4   Code   RO          743    .text               mf_w.l(dmul.o)
    0x00002b62   0x000000de   Code   RO          745    .text               mf_w.l(ddiv.o)
    0x00002c40   0x00000022   Code   RO          747    .text               mf_w.l(dflti.o)
    0x00002c62   0x0000003e   Code   RO          749    .text               mf_w.l(dfixi.o)
    0x00002ca0   0x00000026   Code   RO          751    .text               mf_w.l(f2d.o)
    0x00002cc6   0x00000002   PAD
    0x00002cc8   0x00000028   Code   RO          753    .text               mf_w.l(cdcmple.o)
    0x00002cf0   0x00000028   Code   RO          755    .text               mf_w.l(cdrcmple.o)
    0x00002d18   0x00000038   Code   RO          757    .text               mf_w.l(d2f.o)
    0x00002d50   0x0000002c   Code   RO          790    .text               mc_w.l(uidiv.o)
    0x00002d7c   0x00000062   Code   RO          792    .text               mc_w.l(uldiv.o)
    0x00002dde   0x0000001e   Code   RO          794    .text               mc_w.l(llshl.o)
    0x00002dfc   0x00000020   Code   RO          796    .text               mc_w.l(llushr.o)
    0x00002e1c   0x00000024   Code   RO          798    .text               mc_w.l(llsshr.o)
    0x00002e40   0x00000000   Code   RO          809    .text               mc_w.l(iusefp.o)
    0x00002e40   0x0000006e   Code   RO          810    .text               mf_w.l(fepilogue.o)
    0x00002eae   0x000000b6   Code   RO          812    .text               mf_w.l(depilogue.o)
    0x00002f64   0x00000030   Code   RO          816    .text               mf_w.l(dfixul.o)
    0x00002f94   0x00000024   Code   RO          824    .text               mc_w.l(init.o)
    0x00002fb8   0x0000001a   Code   RO          828    .text               mf_w.l(dfltui.o)
    0x00002fd2   0x00000002   PAD
    0x00002fd4   0x00000028   Code   RO          686    i.__0snprintf       mc_w.l(printfa.o)
    0x00002ffc   0x00000030   Code   RO          820    i.__ARM_fpclassify  m_wm.l(fpclassify.o)
    0x0000302c   0x00000004   PAD
    0x00003030   0x000000d8   Code   RO          408    i.__hardfp_cos      m_wm.l(cos.o)
    0x00003108   0x00000014   Code   RO          420    i.__hardfp_fabs     m_wm.l(fabs.o)
    0x0000311c   0x00000004   PAD
    0x00003120   0x000000d8   Code   RO          426    i.__hardfp_sin      m_wm.l(sin.o)
    0x000031f8   0x00000438   Code   RO          762    i.__ieee754_rem_pio2  m_wm.l(rred.o)
    0x00003630   0x00000170   Code   RO          759    i.__kernel_cos      m_wm.l(cos_i.o)
    0x000037a0   0x000000f8   Code   RO          822    i.__kernel_poly     m_wm.l(poly.o)
    0x00003898   0x00000130   Code   RO          767    i.__kernel_sin      m_wm.l(sin_i.o)
    0x000039c8   0x00000020   Code   RO          818    i.__mathlib_dbl_underflow  m_wm.l(dunder.o)
    0x000039e8   0x0000000e   Code   RO          832    i.__scatterload_copy  mc_w.l(handlers.o)
    0x000039f6   0x00000002   Code   RO          833    i.__scatterload_null  mc_w.l(handlers.o)
    0x000039f8   0x0000000e   Code   RO          834    i.__scatterload_zeroinit  mc_w.l(handlers.o)
    0x00003a06   0x00000002   PAD
    0x00003a08   0x0000000c   Code   RO          804    i.__set_errno       mc_w.l(errno.o)
    0x00003a14   0x00000164   Code   RO          692    i._fp_digits        mc_w.l(printfa.o)
    0x00003b78   0x000006dc   Code   RO          693    i._printf_core      mc_w.l(printfa.o)
    0x00004254   0x00000024   Code   RO          694    i._printf_post_padding  mc_w.l(printfa.o)
    0x00004278   0x0000002e   Code   RO          695    i._printf_pre_padding  mc_w.l(printfa.o)
    0x000042a6   0x00000016   Code   RO          696    i._snputc           mc_w.l(printfa.o)
    0x000042bc   0x00000018   Code   RO          422    i.fabs              m_wm.l(fabs.o)
    0x000042d4   0x00000050   Code   RO          713    i.free              mc_w.l(malloc.o)
    0x00004324   0x0000006c   Code   RO          714    i.malloc            mc_w.l(malloc.o)
    0x00004390   0x00000b40   Data   RO          134    .constdata          ship.o
    0x00004ed0   0x000003dc   Data   RO          157    .constdata          asteroid.o
    0x000052ac   0x0000000a   Data   RO          180    .constdata          bullet.o
    0x000052b6   0x00000002   PAD
    0x000052b8   0x00000034   Data   RO          203    .constdata          game.o
    0x000052ec   0x000011d0   Data   RO          224    .constdata          ece353_hw2_fonts.o
    0x000064bc   0x00000004   PAD
    0x000064c0   0x00000030   Data   RO          760    .constdata          m_wm.l(cos_i.o)
    0x000064f0   0x000000c8   Data   RO          764    .constdata          m_wm.l(rred.o)
    0x000065b8   0x00000028   Data   RO          768    .constdata          m_wm.l(sin_i.o)
    0x000065e0   0x00000020   Data   RO          830    Region$$Table       anon$$obj.o


    Execution Region ER_RW (Base: 0x20000000, Size: 0x0000005c, Max: 0xffffffff, ABSOLUTE)

    Base Addr    Size         Type   Attr      Idx    E Section Name        Object

    0x20000000   0x00000048   Data   RW            4    .data               main.o
    0x20000048   0x00000004   Data   RW          385    .data               system_tm4c123.o
    0x2000004c   0x00000004   Data   RW          442    .data               mc_w.l(rand.o)
    0x20000050   0x00000004   Data   RW          800    .data               mc_w.l(mvars.o)
    0x20000054   0x00000004   Data   RW          801    .data               mc_w.l(mvars.o)
    0x20000058   0x00000004   Data   RW          805    .data               mc_w.l(errno.o)


    Execution Region ER_ZI (Base: 0x2000005c, Size: 0x00001004, Max: 0xffffffff, ABSOLUTE)

    Base Addr    Size         Type   Attr      Idx    E Section Name        Object

    0x2000005c   0x00000004   PAD
    0x20000060   0x00000000   Zero   RW          376    HEAP                startup_tm4c123.o
    0x20000060   0x00001000   Zero   RW          375    STACK               startup_tm4c123.o


==============================================================================

Image component sizes


      Code (inc. data)   RO Data    RW Data    ZI Data      Debug   Object Name

       368         20          0          0          0      28625   adc.o
       796         16        988          0          0       3751   asteroid.o
      1204         32         10          0          0       3811   bullet.o
       136          4       4560          0          0       1518   ece353_hw2_fonts.o
      1072         76         52          0          0       3673   game.o
       656         34          0          0          0       4826   gpio_port.o
       208         24          0          0          0       1982   launchpad_io.o
      1248         24          0          0          0       3312   lcd.o
       980        130          0         72          0      34934   main.o
       112          8          0          0          0        945   ps2.o
      1076         48       2880          0          0       3150   ship.o
       252         10        620          0       4096       5448   startup_tm4c123.o
       592        138          0          4          0       1553   system_tm4c123.o
       752         26          0          0          0      29837   timers.o
       348         14          0          0          0       1967   vector.o

    ----------------------------------------------------------------------
      9800        604       9148         76       4096     129332   Object Totals
         0          0         32          0          0          0   (incl. Generated)
         0          0          6          0          0          0   (incl. Padding)

    ----------------------------------------------------------------------

      Code (inc. data)   RO Data    RW Data    ZI Data      Debug   Library Member Name

       216         16          0          0          0        152   cos.o
       368         46         48          0          0        200   cos_i.o
        32          8          0          0          0        124   dunder.o
        44          0          0          0          0        248   fabs.o
        48          0          0          0          0        124   fpclassify.o
       248          0          0          0          0        152   poly.o
      1080        142        200          0          0        188   rred.o
       216         16          0          0          0        152   sin.o
       304         24         40          0          0        208   sin_i.o
         0          0          0          0          0          0   entry.o
         0          0          0          0          0          0   entry10a.o
         0          0          0          0          0          0   entry11a.o
         8          4          0          0          0          0   entry2.o
         4          0          0          0          0          0   entry5.o
         0          0          0          0          0          0   entry7b.o
         0          0          0          0          0          0   entry8b.o
         8          4          0          0          0          0   entry9a.o
        12          6          0          4          0         68   errno.o
        30          0          0          0          0          0   handlers.o
        36          8          0          0          0         68   init.o
         0          0          0          0          0          0   iusefp.o
        30          0          0          0          0         68   llshl.o
        36          0          0          0          0         68   llsshr.o
        32          0          0          0          0         68   llushr.o
       188         20          0          0          0        160   malloc.o
        36          0          0          0          0         68   memcpya.o
         0          0          0          8          0          0   mvars.o
      2256         84          0          0          0        512   printfa.o
        36         10          0          4          0        136   rand.o
        18          0          0          0          0         68   strcpy.o
        14          0          0          0          0         68   strlen.o
        44          0          0          0          0         80   uidiv.o
        98          0          0          0          0         92   uldiv.o
        40          2          0          0          0         68   cdcmple.o
        40          2          0          0          0         68   cdrcmple.o
        56          0          0          0          0         88   d2f.o
       334          0          0          0          0        148   dadd.o
       222          0          0          0          0        100   ddiv.o
       182          0          0          0          0        176   depilogue.o
        62          0          0          0          0         80   dfixi.o
        48          0          0          0          0         68   dfixul.o
        34          0          0          0          0         76   dflti.o
        26          0          0          0          0         76   dfltui.o
       228          0          0          0          0         96   dmul.o
        38          0          0          0          0         68   f2d.o
       110          0          0          0          0        168   fepilogue.o

    ----------------------------------------------------------------------
      6876        392        288         16          4       4352   Library Totals
        14          0          0          0          4          0   (incl. Padding)

    ----------------------------------------------------------------------

      Code (inc. data)   RO Data    RW Data    ZI Data      Debug   Library Name

      2556        252        288          0          0       1548   m_wm.l
      2886        136          0         16          0       1524   mc_w.l
      1420          4          0          0          0       1280   mf_w.l

    ----------------------------------------------------------------------
      6876        392        288         16          4       4352   Library Totals

    ----------------------------------------------------------------------

==============================================================================


      Code (inc. data)   RO Data    RW Data    ZI Data      Debug   

     16676        996       9436         92       4100     129528   Grand Totals
     16676        996       9436         92       4100     129528   ELF Image Totals
     16676        996       9436         92          0          0   ROM Totals

==============================================================================

    Total RO  Size (Code + RO Data)                26112 (  25.50kB)
    Total RW  Size (RW Data + ZI Data)              4192 (   4.09kB)
    Total ROM Size (Code + RO Data + RW Data)      26204 (  25.59kB)

==============================================================================

